# Manuel Stephans log of the boot message of the BBB 
# in the class book an other processor is used so the listing differs from this listing


mkdir /media/fat
root@beaglebone:~# ls /media/fat
root@beaglebone:~# mount /dec v/mmcblk0p1
mount: /dev/mmcblk0p1 already mounted or /media/BEAGLEBONE busy
mount: according to mtab, /dev/mmcblk0p1 is already mounted on /media/BEAGLEBONE
root@beaglebone:~# mount /dev/mmcblk0p1 /media/fat
root@beaglebone:~# ls media/fat         /medu ia/fat
App   Drivers  LICENSE.txt  README.md  autorun.inf  uEnv.txt
Docs  ID.txt   MLO	    START.htm  u-boot.img
root@beaglebone:~# gedit ue E        Sending SIGTERM to remaining processes...
Sending SIGKILL to remaining processes...
Hardware watchdog 'OMAP Watchdog', version 0
Unmounting file systems.
Unmounting /media/fat.
Unmounting /media/BEAGLEBONE.
Unmounting /sys/fs/fuse/connections.
Unmounting /dev/mqueue.
Unmounting /sys/kernel/debug.
All filesystems unmounted.
Deactivating swaps.
All swaps deactivated.
Detaching loop devices.
Detaching loopback /dev/loop7.
Detaching loopback /dev/loop6.
Detaching loopback /dev/loop5.
Detaching loopback /dev/loop4.
Detaching loopback /dev/loop3.
Detaching loopback /dev/loop2.
Detaching loopback /dev/loop1.
Detaching loopback /dev/loop0.
All loop devices detached.
Detaching DM devic[  593.983491] (NULL device *): gadget not registered.
es.
All DM devices detached.
[  593.997936] Restarting system.

U-Boot SPL 2013.04-dirty (Jun 19 2013 - 09:57:14)
musb-hdrc: ConfigData=0xde (UTMI-8, dyn FIFOs, HB-ISO Rx, HB-ISO Tx, SoftConn)
musb-hdrc: MHDRC RTL version 2.0 
musb-hdrc: setup fifo_mode 4
musb-hdrc: 28/31 max ep, 16384/16384 memory
USB Peripheral mode controller at 47401000 using PIO, IRQ 0
musb-hdrc: ConfigData=0xde (UTMI-8, dyn FIFOs, HB-ISO Rx, HB-ISO Tx, SoftConn)
musb-hdrc: MHDRC RTL version 2.0 
musb-hdrc: setup fifo_mode 4
musb-hdrc: 28/31 max ep, 16384/16384 memory
USB Host mode controller at 47401800 using PIO, IRQ 0
OMAP SD/MMC: 0
mmc_send_cmd : timeout: No status update
reading u-boot.img
reading u-boot.img


U-Boot 2013.04-dirty (Jun 19 2013 - 09:57:14)

I2C:   ready
DRAM:  512 MiB
WARNING: Caches not enabled
NAND:  No NAND device found!!!
0 MiB
MMC:   OMAP SD/MMC: 0, OMAP SD/MMC: 1
*** Warning - readenv() failed, using default environment

musb-hdrc: ConfigData=0xde (UTMI-8, dyn FIFOs, HB-ISO Rx, HB-ISO Tx, SoftConn)
musb-hdrc: MHDRC RTL version 2.0 
musb-hdrc: setup fifo_mode 4
musb-hdrc: 28/31 max ep, 16384/16384 memory
USB Peripheral mode controller at 47401000 using PIO, IRQ 0
musb-hdrc: ConfigData=0xde (UTMI-8, dyn FIFOs, HB-ISO Rx, HB-ISO Tx, SoftConn)
musb-hdrc: MHDRC RTL version 2.0 
musb-hdrc: setup fifo_mode 4
musb-hdrc: 28/31 max ep, 16384/16384 memory
USB Host mode controller at 47401800 using PIO, IRQ 0
Net:   <ethaddr> not set. Validating first E-fuse MAC
cpsw, usb_ether
Hit any key to stop autoboot:  1  0 
gpio: pin 53 (gpio 53) value is 1
mmc_send_cmd : timeout: No status update
Card did not respond to voltage select!
mmc0(part 0) is current device
mmc_send_cmd : timeout: No status update
Card did not respond to voltage select!
No micro SD card found, setting mmcdev to 1
mmc_send_cmd : timeout: No status update
mmc1(part 0) is current device
mmc_send_cmd : timeout: No status update
gpio: pin 54 (gpio 54) value is 1
SD/MMC found on device 1
reading uEnv.txt
39 bytes read in 4 ms (8.8 KiB/s)
Loaded environment from uEnv.txt
Importing environment from mmc ...
gpio: pin 55 (gpio 55) value is 1
4270840 bytes read in 745 ms (5.5 MiB/s)
gpio: pin 56 (gpio 56) value is 1
24129 bytes read in 52 ms (453.1 KiB/s)
Booting from mmc ...
## Booting kernel from Legacy Image at 80007fc0 ...
   Image Name:   Angstrom/3.8.13/beaglebone
   Image Type:   ARM Linux Kernel Image (uncompressed)
   Data Size:    4270776 Bytes = 4.1 MiB
   Load Address: 80008000
   Entry Point:  80008000
   Verifying Checksum ... OK
## Flattened Device Tree blob at 80f80000
   Booting using the fdt blob at 0x80f80000
   XIP Kernel Image ... OK
OK
   Using Device Tree in place at 80f80000, end 80f88e40

Starting kernel ...

Uncompressing Linux... done, booting the kernel.
[    0.000000] Booting Linux on physical CPU 0x0
[    0.000000] Initializing cgroup subsys cpu
[    0.000000] Linux version 3.8.13 (koen@rrMBP) (gcc version 4.7.3 20130205 (prerelease) (Linaro GCC 4.7-2013.02-01) ) #1 SMP Tue Jun 18 02:11:09 EDT 2013
[    0.000000] CPU: ARMv7 Processor [413fc082] revision 2 (ARMv7), cr=50c5387d
[    0.000000] CPU: PIPT / VIPT nonaliasing data cache, VIPT aliasing instruction cache
[    0.000000] Machine: Generic AM33XX (Flattened Device Tree), model: TI AM335x BeagleBone
[    0.000000] Memory policy: ECC disabled, Data cache writeback
[    0.000000] AM335X ES1.0 (neon )
[    0.000000] PERCPU: Embedded 8 pages/cpu @c0af3000 s9408 r8192 d15168 u32768
[    0.000000] Built 1 zonelists in Zone order, mobility grouping on.  Total pages: 129792
[    0.000000] Kernel command line: console=ttyO0,115200n8 run_hardware_tests drm.debug=7 root=/dev/mmcblk0p2 ro rootfstype=ext4 rootwait
[    0.000000] PID hash table entries: 2048 (order: 1, 8192 bytes)
[    0.000000] Dentry cache hash table entries: 65536 (order: 6, 262144 bytes)
[    0.000000] Inode-cache hash table entries: 32768 (order: 5, 131072 bytes)
[    0.000000] __ex_table already sorted, skipping sort
[    0.000000] allocated 1048576 bytes of page_cgroup
[    0.000000] please try 'cgroup_disable=memory' option if you don't want memory cgroups
[    0.000000] Memory: 511MB = 511MB total
[    0.000000] Memory: 510560k/510560k available, 13728k reserved, 0K highmem
[    0.000000] Virtual kernel memory layout:
[    0.000000]     vector  : 0xffff0000 - 0xffff1000   (   4 kB)
[    0.000000]     fixmap  : 0xfff00000 - 0xfffe0000   ( 896 kB)
[    0.000000]     vmalloc : 0xe0800000 - 0xff000000   ( 488 MB)
[    0.000000]     lowmem  : 0xc0000000 - 0xe0000000   ( 512 MB)
[    0.000000]     pkmap   : 0xbfe00000 - 0xc0000000   (   2 MB)
[    0.000000]     modules : 0xbf800000 - 0xbfe00000   (   6 MB)
[    0.000000]       .text : 0xc0008000 - 0xc05d5914   (5943 kB)
[    0.000000]       .init : 0xc05d6000 - 0xc06174c0   ( 262 kB)
[    0.000000]       .data : 0xc0618000 - 0xc0689ca0   ( 456 kB)
[    0.000000]        .bss : 0xc0689ca0 - 0xc06e36bc   ( 359 kB)
[    0.000000] Hierarchical RCU implementation.
[    0.000000] 	RCU restricting CPUs from NR_CPUS=4 to nr_cpu_ids=1.
[    0.000000] NR_IRQS:16 nr_irqs:16 16
[    0.000000] IRQ: Found an INTC at 0xfa200000 (revision 5.0) with 128 interrupts
[    0.000000] Total of 128 interrupts on 1 active controller
[    0.000000] OMAP clockevent source: GPTIMER1 at 24000000 Hz
[    0.000000] sched_clock: 32 bits at 24MHz, resolution 41ns, wraps every 178956ms
[    0.000000] OMAP clocksource: GPTIMER2 at 24000000 Hz
[    0.000000] Console: colour dummy device 80x30
[    0.000353] Calibrating delay loop... 545.07 BogoMIPS (lpj=531968)
[    0.015421] pid_max: default: 32768 minimum: 301
[    0.015659] Security Framework initialized
[    0.015752] Mount-cache hash table entries: 512
[    0.025820] Initializing cgroup subsys cpuacct
[    0.025856] Initializing cgroup subsys memory
[    0.025921] Initializing cgroup subsys blkio
[    0.026059] CPU: Testing write buffer coherency: ok
[    0.026596] CPU0: thread -1, cpu 0, socket -1, mpidr 0
[    0.026670] Setting up static identity map for 0x80370ee0 - 0x80370f2c
[    0.028053] Brought up 1 CPUs
[    0.028080] SMP: Total of 1 processors activated (545.07 BogoMIPS).
[    0.029369] devtmpfs: initialized
[    0.094138] pinctrl core: initialized pinctrl subsystem
[    0.094352] rstctl core: initialized rstctl subsystem
[    0.094840] regulator-dummy: no parameters
[    0.095348] NET: Registered protocol family 16
[    0.096274] DMA: preallocated 256 KiB pool for atomic coherent allocations
[    0.106220] pinctrl-single 44e10800.pinmux: 142 pins at pa f9e10800 size 568
[    0.106993] platform 49000000.edma: alias fck already exists
[    0.107025] platform 49000000.edma: alias fck already exists
[    0.107053] platform 49000000.edma: alias fck already exists
[    0.108427] OMAP GPIO hardware version 0.1
[    0.112939] gpio-rctrl rstctl.3: loaded OK
[    0.118408] hw-breakpoint: debug architecture 0x4 unsupported.
[    0.120559] cpsw.0: No hwaddr in dt. Using c8:a0:30:af:d2:8b from efuse
[    0.120592] cpsw.1: No hwaddr in dt. Using c8:a0:30:af:d2:8d from efuse
[    0.135137] bio: create slab <bio-0> at 0
[    0.147079] edma-dma-engine edma-dma-engine.0: TI EDMA DMA engine driver
[    0.147529] vmmcsd_fixed: 3300 mV 
[    0.150419] SCSI subsystem initialized
[    0.150838] usbcore: registered new interface driver usbfs
[    0.150949] usbcore: registered new interface driver hub
[    0.151236] usbcore: registered new device driver usb
[    0.153326] omap_i2c 44e0b000.i2c: bus 0 rev0.11 at 400 kHz
[    0.154809] input: tps65217_pwr_but as /devices/ocp.2/44e0b000.i2c/i2c-0/0-0024/input/input0
[    0.156557] DCDC1: at 1500 mV 
[    0.157704] vdd_mpu: 925 <--> 1325 mV at 1325 mV 
[    0.158915] vdd_core: 925 <--> 1150 mV at 1100 mV 
[    0.160040] LDO1: at 1800 mV 
[    0.161162] LDO2: at 3300 mV 
[    0.163138] LDO3: 1800 mV 
[    0.164279] LDO4: at 3300 mV 
[    0.165276] tps65217 0-0024: TPS65217 ID 0xe version 1.2
[    0.166028] omap_i2c 44e0b000.i2c: unable to select pin group
[    0.166732] omap_i2c 4819c000.i2c: bus 1 rev0.11 at 100 kHz
[    0.169091] omap_i2c 4819c000.i2c: unable to select pin group
[    0.169302] media: Linux media interface: v0.10
[    0.169402] Linux video capture interface: v2.00
[    0.170197] Advanced Linux Sound Architecture Driver Initialized.
[    0.171491] Switching to clocksource gp_timer
[    0.189581] NET: Registered protocol family 2
[    0.190585] TCP established hash table entries: 4096 (order: 3, 32768 bytes)
[    0.190727] TCP bind hash table entries: 4096 (order: 4, 81920 bytes)
[    0.190890] TCP: Hash tables configured (established 4096 bind 4096)
[    0.190983] TCP: reno registered
[    0.191009] UDP hash table entries: 256 (order: 1, 12288 bytes)
[    0.191055] UDP-Lite hash table entries: 256 (order: 1, 12288 bytes)
[    0.191541] NET: Registered protocol family 1
[    0.192122] RPC: Registered named UNIX socket transport module.
[    0.192143] RPC: Registered udp transport module.
[    0.192157] RPC: Registered tcp transport module.
[    0.192171] RPC: Registered tcp NFSv4.1 backchannel transport module.
[    0.193365] CPU PMU: probing PMU on CPU 0
[    0.193394] hw perfevents: enabled with ARMv7 Cortex-A8 PMU driver, 5 counters available
[    0.193845] omap2_mbox_probe: platform not supported
[    0.197686] VFS: Disk quotas dquot_6.5.2
[    0.197918] Dquot-cache hash table entries: 1024 (order 0, 4096 bytes)
[    0.199149] NFS: Registering the id_resolver key type
[    0.199255] Key type id_resolver registered
[    0.199273] Key type id_legacy registered
[    0.199338] jffs2: version 2.2. (NAND) (SUMMARY)  ¬© 2001-2006 Red Hat, Inc.
[    0.199788] msgmni has been set to 997
[    0.202606] Block layer SCSI generic (bsg) driver version 0.4 loaded (major 250)
[    0.202633] io scheduler noop registered
[    0.202649] io scheduler deadline registered
[    0.202689] io scheduler cfq registered (default)
[    0.204400] tps65217-bl tps65217-bl: no platform data provided
[    0.204441] tps65217-bl: probe of tps65217-bl failed with error -22
[    0.205413] Serial: 8250/16550 driver, 4 ports, IRQ sharing enabled
[    0.207928] omap_uart 44e09000.serial: did not get pins for uart0 error: -19
[    0.208215] 44e09000.serial: ttyO0 at MMIO 0x44e09000 (irq = 88) is a OMAP UART0
[    0.902336] console [ttyO0] enabled
[    0.907025] [drm] Initialized drm 1.1.0 20060810
[    0.925582] brd: module loaded
[    0.935859] loop: module loaded
[    0.939304] at24 0-0050: 32768 byte 24c256 EEPROM, writable, 1 bytes/write
[    0.946596] at24 1-0054: 32768 byte 24c256 EEPROM, writable, 1 bytes/write
[    0.953889] at24 1-0055: 32768 byte 24c256 EEPROM, writable, 1 bytes/write
[    0.961168] at24 1-0056: 32768 byte 24c256 EEPROM, writable, 1 bytes/write
[    0.968476] at24 1-0057: 32768 byte 24c256 EEPROM, writable, 1 bytes/write
[    0.982763] bone-capemgr bone_capemgr.8: Baseboard: 'A335BNLT,0A5C,3213BBBK1527'
[    0.990554] bone-capemgr bone_capemgr.8: compatible-baseboard=ti,beaglebone-black
[    1.029046] bone-capemgr bone_capemgr.8: slot #0: No cape found
[    1.066146] bone-capemgr bone_capemgr.8: slot #1: No cape found
[    1.103253] bone-capemgr bone_capemgr.8: slot #2: No cape found
[    1.140363] bone-capemgr bone_capemgr.8: slot #3: No cape found
[    1.146620] bone-capemgr bone_capemgr.8: slot #4: specific override
[    1.153225] bone-capemgr bone_capemgr.8: bone: Using override eeprom data at slot 4
[    1.161266] bone-capemgr bone_capemgr.8: slot #4: 'Bone-LT-eMMC-2G,00A0,Texas Instrument,BB-BONE-EMMC-2G'
[    1.171414] bone-capemgr bone_capemgr.8: slot #5: specific override
[    1.178015] bone-capemgr bone_capemgr.8: bone: Using override eeprom data at slot 5
[    1.186054] bone-capemgr bone_capemgr.8: slot #5: 'Bone-Black-HDMI,00A0,Texas Instrument,BB-BONELT-HDMI'
[    1.196110] bone-capemgr bone_capemgr.8: slot #6: specific override
[    1.202710] bone-capemgr bone_capemgr.8: bone: Using override eeprom data at slot 6
[    1.210751] bone-capemgr bone_capemgr.8: slot #6: 'Bone-Black-HDMIN,00A0,Texas Instrument,BB-BONELT-HDMIN'
[    1.221345] bone-capemgr bone_capemgr.8: loader: before slot-4 BB-BONE-EMMC-2G:00A0 (prio 1)
[    1.230219] bone-capemgr bone_capemgr.8: loader: check slot-4 BB-BONE-EMMC-2G:00A0 (prio 1)
[    1.239102] bone-capemgr bone_capemgr.8: loader: before slot-5 BB-BONELT-HDMI:00A0 (prio 1)
[    1.247873] bone-capemgr bone_capemgr.8: loader: check slot-5 BB-BONELT-HDMI:00A0 (prio 1)
[    1.256580] bone-capemgr bone_capemgr.8: initialized OK.
[    1.262185] bone-capemgr bone_capemgr.8: loader: before slot-6 BB-BONELT-HDMIN:00A0 (prio 2)
[    1.271040] bone-capemgr bone_capemgr.8: loader: check slot-6 BB-BONELT-HDMIN:00A0 (prio 2)
[    1.281771] OneNAND driver initializing
[    1.287357] usbcore: registered new interface driver asix
[    1.293077] bone-capemgr bone_capemgr.8: loader: after slot-4 BB-BONE-EMMC-2G:00A0 (prio 1)
[    1.301953] usbcore: registered new interface driver cdc_ether
[    1.308113] bone-capemgr bone_capemgr.8: loader: after slot-5 BB-BONELT-HDMI:00A0 (prio 1)
[    1.316805] bone-capemgr bone_capemgr.8: loader: check slot-6 BB-BONELT-HDMIN:00A0 (prio 2)
[    1.325676] usbcore: registered new interface driver smsc95xx
[    1.331776] bone-capemgr bone_capemgr.8: slot #4: Requesting firmware 'cape-bone-2g-emmc1.dtbo' for board-name 'Bone-LT-eMMC-2G', version '00A0'
[    1.345499] usbcore: registered new interface driver net1080
[    1.351545] usbcore: registered new interface driver cdc_subset
[    1.357791] bone-capemgr bone_capemgr.8: slot #4: dtbo 'cape-bone-2g-emmc1.dtbo' loaded; converting to live tree
[    1.368514] bone-capemgr bone_capemgr.8: slot #5: Requesting firmware 'cape-boneblack-hdmi-00A0.dtbo' for board-name 'Bone-Black-HDMI', version '00A0'
[    1.382708] usbcore: registered new interface driver zaurus
[    1.388723] usbcore: registered new interface driver cdc_ncm
[    1.394962] bone-capemgr bone_capemgr.8: slot #4: #2 overlays
[    1.401041] bone-capemgr bone_capemgr.8: slot #5: dtbo 'cape-boneblack-hdmi-00A0.dtbo' loaded; converting to live tree
[    1.413091] usbcore: registered new interface driver cdc_acm
[    1.419065] cdc_acm: USB Abstract Control Model driver for USB modems and ISDN adapters
[    1.427456] Initializing USB Mass Storage driver...
[    1.433528] bone-capemgr bone_capemgr.8: slot #4: Applied #2 overlays.
[    1.440406] bone-capemgr bone_capemgr.8: loader: done slot-4 BB-BONE-EMMC-2G:00A0 (prio 1)
[    1.449116] bone-capemgr bone_capemgr.8: loader: check slot-6 BB-BONELT-HDMIN:00A0 (prio 2)
[    1.458988] bone-capemgr bone_capemgr.8: slot #5: #4 overlays
[    1.467199] platform 4830e000.fb: alias fck already exists
[    1.473271] usbcore: registered new interface driver usb-storage
[    1.479617] USB Mass Storage support registered.
[    1.486245] bone-capemgr bone_capemgr.8: slot #5: Applied #4 overlays.
[    1.493127] bone-capemgr bone_capemgr.8: loader: done slot-5 BB-BONELT-HDMI:00A0 (prio 1)
[    1.501741] bone-capemgr bone_capemgr.8: loader: check slot-6 BB-BONELT-HDMIN:00A0 (prio 2)
[    1.510709] musb-hdrc: version 6.0, ?dma?, otg (peripheral+host)
[    1.517090] bone-capemgr bone_capemgr.8: loader: after slot-6 BB-BONELT-HDMIN:00A0 (prio 2)
[    1.526264] musb-hdrc musb-hdrc.0.auto: pdev->id = 0
[    1.531530] musb-hdrc musb-hdrc.0.auto: drivers/usb/musb/musb_dsps.c:468 dsps_musb_init: OK
[    1.540546] musb-hdrc musb-hdrc.0.auto: *** mode=3
[    1.545611] musb-hdrc musb-hdrc.0.auto: *** power=250
[    1.550956] bone-capemgr bone_capemgr.8: slot #6: Requesting firmware 'cape-boneblack-hdmin-00A0.dtbo' for board-name 'Bone-Black-HDMIN', version '00A0'
[    1.566177] musb-hdrc musb-hdrc.1.auto: pdev->id = 1
[    1.571430] musb-hdrc musb-hdrc.1.auto: drivers/usb/musb/musb_dsps.c:468 dsps_musb_init: OK
[    1.580422] musb-hdrc musb-hdrc.1.auto: *** mode=1
[    1.585485] musb-hdrc musb-hdrc.1.auto: *** power=250
[    1.590801] musb-hdrc musb-hdrc.1.auto: MUSB HDRC host driver
[    1.596879] bone-capemgr bone_capemgr.8: slot #6: dtbo 'cape-boneblack-hdmin-00A0.dtbo' loaded; converting to live tree
[    1.608624] musb-hdrc musb-hdrc.1.auto: new USB bus registered, assigned bus number 1
[    1.617233] bone-capemgr bone_capemgr.8: slot #6: BB-BONELT-HDMIN conflict P8.45 (#5:BB-BONELT-HDMI)
[    1.626842] bone-capemgr bone_capemgr.8: slot #6: Failed verification
[    1.633616] bone-capemgr bone_capemgr.8: loader: failed to load slot-6 BB-BONELT-HDMIN:00A0 (prio 2)
[    1.643437] usb usb1: New USB device found, idVendor=1d6b, idProduct=0002
[    1.650586] usb usb1: New USB device strings: Mfr=3, Product=2, SerialNumber=1
[    1.658168] usb usb1: Product: MUSB HDRC host driver
[    1.663390] usb usb1: Manufacturer: Linux 3.8.13 musb-hcd
[    1.669064] usb usb1: SerialNumber: musb-hdrc.1.auto
[    1.675677] hub 1-0:1.0: USB hub found
[    1.679690] hub 1-0:1.0: 1 port detected
[    1.685179] mousedev: PS/2 mouse device common for all mice
[    1.693464] omap_rtc 44e3e000.rtc: rtc core: registered 44e3e000.rtc as rtc0
[    1.700983] 44e3e000.rtc: already running
[    1.705494] i2c /dev entries driver
[    1.710892] Driver for 1-wire Dallas network protocol.
[    1.717789] omap_wdt: OMAP Watchdog Timer Rev 0x01: initial timeout 60 sec
[    1.725362] cpuidle: using governor ladder
[    1.729685] cpuidle: using governor menu
[    1.734306] omap_hsmmc mmc.4: of_parse_phandle_with_args of 'reset' failed
[    1.741545] omap_hsmmc mmc.4: Failed to get rstctl; not using any
[    1.747976] omap_hsmmc mmc.4: unable to select pin group
[    1.753851] edma-dma-engine edma-dma-engine.0: allocated channel for 0:25
[    1.761061] edma-dma-engine edma-dma-engine.0: allocated channel for 0:24
[    1.768410] mmc.4 supply vmmc_aux not found, using dummy regulator
[    1.775037] omap_hsmmc mmc.4: pins are not configured from the driver
[    1.808671] gpio-rctrl rstctl.3: gpio_rctrl_request eMMC_RSTn
[    1.814873] omap_hsmmc mmc.10: Got rstctl (gpio:#0 name eMMC_RSTn) label:eMMC_RSTn
[    1.822875] gpio-rctrl rstctl.3: gpio_rctrl_deassert eMMC_RSTn
[    1.829325] edma-dma-engine edma-dma-engine.0: allocated channel for 0:3
[    1.836481] edma-dma-engine edma-dma-engine.0: allocated channel for 0:2
[    1.843999] mmc.10 supply vmmc_aux not found, using dummy regulator
[    1.850753] omap_hsmmc mmc.10: pins are not configured from the driver
[    1.884981] pinctrl-single 44e10800.pinmux: pin 44e10854 already requested by 44e10800.pinmux; cannot claim for gpio-leds.7
[    1.896714] pinctrl-single 44e10800.pinmux: pin-21 (gpio-leds.7) status -22
[    1.904023] pinctrl-single 44e10800.pinmux: could not request pin 21 on device pinctrl-single
[    1.913008] leds-gpio gpio-leds.7: pins are not configured from the driver
[    1.921370] ledtrig-cpu: registered to indicate activity on CPUs
[    1.928188] edma-dma-engine edma-dma-engine.0: allocated channel for 0:36
[    1.935443] omap-sham 53100000.sham: hw accel on OMAP rev 4.3
[    1.943996] omap-aes 53500000.aes: OMAP AES hw accel rev: 3.2
[    1.950305] edma-dma-engine edma-dma-engine.0: allocated channel for 0:5
[    1.957566] edma-dma-engine edma-dma-engine.0: allocated channel for 0:6
[    1.965852] usbcore: registered new interface driver usbhid
[    1.971784] usbhid: USB HID core driver
[    1.979911] davinci_evm sound.13:  nxp-hdmi-hifi <-> 48038000.mcasp mapping ok
[    1.991434] TCP: cubic registered
[    1.994969] Initializing XFRM netlink socket
[    1.999495] NET: Registered protocol family 17
[    2.004292] NET: Registered protocol family 15
[    2.009209] Key type dns_resolver registered
[    2.014031] VFP support v0.3: implementor 41 architecture 3 part 30 variant c rev 3
[    2.022184] ThumbEE CPU extension supported.
[    2.026754] Registering SWP/SWPB emulation handler
[    2.032838] registered taskstats version 1
[    2.038537] slave hdmi.12: modes-blacklisted #0 -> 1920x1080@25
[    2.044881] mmc1: BKOPS_EN bit is not set
[    2.049145] slave hdmi.12: modes-blacklisted #1 -> 832x624@75
[    2.057264] tilcdc 4830e000.fb: No power control GPIO
[    2.063450] mmc1: new high speed MMC card at address 0001
[    2.071203] mmcblk0: mmc1:0001 MMC02G 1.78 GiB 
[    2.076380] mmcblk0boot0: mmc1:0001 MMC02G partition 1 1.00 MiB
[    2.082983] mmcblk0boot1: mmc1:0001 MMC02G partition 2 1.00 MiB
[    2.091847]  mmcblk0: p1 p2
[    2.097608]  mmcblk0boot1: unknown partition table
[    2.104807]  mmcblk0boot0: unknown partition table
[    2.178586] tilcdc 4830e000.fb: found TDA19988
[    2.184157] [drm] Supports vblank timestamp caching Rev 1 (10.10.2010).
[    2.191123] [drm] No driver support for vblank timestamp query.
[    2.197783] tilcdc 4830e000.fb: No connectors reported connected with modes
[    2.205160] [drm] Cannot find any crtc or sizes - going 1024x768
[    2.228896] Console: switching to colour frame buffer device 128x48
[    2.250115] tilcdc 4830e000.fb: fb0:  frame buffer device
[    2.255793] tilcdc 4830e000.fb: registered panic notifier
[    2.261486] [drm] Initialized tilcdc 1.0.0 20121205 on minor 0
[    2.318118] davinci_mdio 4a101000.mdio: davinci mdio revision 1.6
[    2.324540] davinci_mdio 4a101000.mdio: detected phy mask fffffffe
[    2.332086] libphy: 4a101000.mdio: probed
[    2.336353] davinci_mdio 4a101000.mdio: phy[0]: device 4a101000.mdio:00, driver SMSC LAN8710/LAN8720
[    2.346193] Detected MACID = c8:a0:30:af:d2:8b
[    2.350853] cpsw 4a100000.ethernet: NAPI disabled
[    2.357542] omap_rtc 44e3e000.rtc: setting system clock to 2000-01-01 02:26:42 UTC (946693602)
[    2.373867] ALSA device list:
[    2.377026]   #0: TI BeagleBone Black
[    2.408864] EXT4-fs (mmcblk0p2): mounted filesystem with ordered data mode. Opts: (null)
[    2.417469] VFS: Mounted root (ext4 filesystem) readonly on device 179:2.
[    2.429669] devtmpfs: mounted
[    2.433084] Freeing init memory: 260K
[    2.911198] systemd[1]: systemd 196 running in system mode. (+PAM -LIBWRAP -AUDIT -SELINUX +IMA +SYSVINIT -LIBCRYPTSETUP +GCRYPT +ACL +XZ; angstrom)

Welcome to [1;35mThe √Öngstr√∂m Distribution[0m!

[    2.972841] systemd[1]: Inserted module 'autofs4'
[    2.979768] systemd[1]: Set hostname to <beaglebone>.
[    3.254899] systemd[1]: Expecting device dev-ttyO0.device...
         Expecting device dev-ttyO0.device...
[    3.267462] systemd[1]: Expecting device dev-ttyGS0.device...
         Expecting device dev-ttyGS0.device...
[    3.281105] systemd[1]: Starting Forward Password Requests to Wall Directory Watch.
[    3.289609] systemd[1]: Started Forward Password Requests to Wall Directory Watch.
[    3.297704] systemd[1]: Starting Remote File Systems.
[[1;32m  OK  [0m] Reached target Remote File Systems.
[    3.310383] systemd[1]: Reached target Remote File Systems.
[    3.316340] systemd[1]: Starting Delayed Shutdown Socket.
[[1;32m  OK  [0m] Listening on Delayed Shutdown Socket.
[    3.329915] systemd[1]: Listening on Delayed Shutdown Socket.
[    3.336035] systemd[1]: Starting /dev/initctl Compatibility Named Pipe.
[[1;32m  OK  [0m] Listening on /dev/initctl Compatibility Named Pipe.
[    3.351389] systemd[1]: Listening on /dev/initctl Compatibility Named Pipe.
[    3.358879] systemd[1]: Starting Dispatch Password Requests to Console Directory Watch.
[    3.367573] systemd[1]: Started Dispatch Password Requests to Console Directory Watch.
[    3.376161] systemd[1]: Starting Arbitrary Executable File Formats File System Automount Point.
[[1;32m  OK  [0m] Set up automount Arbitrary Executable File Formats F...utomount Point.
[    3.396340] systemd[1]: Set up automount Arbitrary Executable File Formats File System Automount Point.
[    3.406739] systemd[1]: Starting udev Kernel Socket.
[[1;32m  OK  [0m] Listening on udev Kernel Socket.
[    3.419773] systemd[1]: Listening on udev Kernel Socket.
[    3.425863] systemd[1]: Starting udev Control Socket.
[[1;32m  OK  [0m] Listening on udev Control Socket.
[    3.439298] systemd[1]: Listening on udev Control Socket.
[    3.445101] systemd[1]: Starting Swap.
[[1;32m  OK  [0m] Reached target Swap.
[    3.454901] systemd[1]: Reached target Swap.
[    3.459507] systemd[1]: Starting Journal Socket.
[[1;32m  OK  [0m] Listening on Journal Socket.
[    3.472495] systemd[1]: Listening on Journal Socket.
[    3.477924] systemd[1]: Starting File System Check on Root Device...
         Starting File System Check on Root Device...
[    3.495148] systemd[1]: Mounted Huge Pages File System.
[    3.504465] systemd[1]: Starting udev Kernel Device Manager...
         Starting udev Kernel Device Manager...
[    3.522669] systemd[1]: Started Machine ID first boot configure.
[    3.537541] systemd[1]: Starting Journal Service...
         Starting Journal Service...
[[1;32m  OK  [0[    3.553703] systemd[1]: Started Journal Service.
m] Started Journal Service.
[    3.566986] systemd[1]: Starting Apply Kernel Variables...
         Starting Apply Kernel Variables...
[    3.613748] systemd[1]: Starting Load Kernel Modules...
[    3.622251] systemd-udevd[85]: starting version 196
         Starting Load Kernel Modules...
[    3.631229] systemd[1]: Mounting POSIX Message Queue File System...

         Mounting POSIX Message Queue File System...
[    3.681024] systemd[1]: Started Set Up Additional Binary Formats.
[    3.688816] systemd[1]: Starting udev Coldplug all Devices...
         Starting udev Coldplug all Devices...
[    3.706262] systemd[1]: Mounting Debug File System...
         Mounting Debug File System...
[[1;32m  OK  [0[    3.730519] systemd[1]: Started udev Kernel Device Manager.
m] Started udev Kernel Device Manager.
[[1;32m  OK  [0[    3.757921] systemd[1]: Started Apply Kernel Variables.
m] Started Apply Kernel Variables.
[[1;32m  OK  [0[    3.775466] systemd[1]: Mounted POSIX Message Queue File System.
m] Mounted POSIX Message Queue File System.
[[1;32m  OK  [0[    3.794953] systemd[1]: Mounted Debug File System.
m] Mounted Debug File System.
[    3.830148] Bluetooth: Core ver 2.16
[    3.853185] NET: Registered protocol family 31
[    3.857947] Bluetooth: HCI device and connection manager initialized
[    3.895750] Bluetooth: HCI socket layer initialized
[    3.921701] Bluetooth: L2CAP socket layer initialized
[    3.950772] Bluetooth: SCO socket layer initialized
[    3.992922] Bluetooth: HIDP (Human Interface Emulation) ver 1.2
[    4.018301] Bluetooth: HIDP socket layer initialized
[[1;32m  OK  [0m] Started File System Check on Root Device.
         Starting Remount Root and Kernel File Systems...
[    4.149507] NET: Registered protocol family 10
[    4.250946] EXT4-fs (mmcblk0p2): re-mounted. Opts: (null)
[    4.268252] NET: Registered protocol family 23
[[1;32m  OK  [0m] Started Remount Root and Kernel File Systems.
[[1;32m  OK  [0m] Reached target Local File Systems (Pre).
         Mounting /tmp...
[    4.308756] IrCOMM protocol (Dag Brattli)
         Starting Load Random Seed...
[[1;32m  OK  [0m] Started Load Random Seed.
[[1;32m  OK  [0m] Mounted /tmp.
[[1;32m  OK  [0m] Reached target Local File Systems.
         Starting Recreate Volatile Files and Directories...
         Starting Trigger Flushing of Journal to Persistent Storage...
[    4.434150] systemd-modules-load[89]: Inserted module 'ircomm_tty'
[    4.517505] Bluetooth: RFCOMM TTY layer initialized
[[1;32m  OK  [0m] Started Trigger Flushing of Journal to Persistent Storage.
[    4.552626] Bluetooth: RFCOMM socket layer initialized
[    4.558104] Bluetooth: RFCOMM ver 1.11
[    4.582031] systemd-modules-load[89]: Inserted module 'rfcomm'
[[1;32m  OK  [0m] Started Recreate Volatile Files and Directories.
[[1;32m  OK  [0m] Started udev Coldplug all Devices.
[[1;32m  OK  [0m] Started Load Kernel Modules.
[[1;32m  OK  [0m] Reached target System Initialization.
         Starting Restore Sound Card State...
         Starting Console System Startup Logging...
[[1;32m  OK  [0m] Listening on dropbear.socket.
[[1;32m  OK  [0m] Listening on bonescript.socket.
[[1;32m  OK  [0m] Listening on Avahi mDNS/DNS-SD Stack Activation Socket.
[[1;32m  OK  [0m] Listening on D-Bus System Message Bus Socket.
[[1;32m  OK  [0m] Reached target Sockets.
[[1;32m  OK  [0m] Reached target Basic System.
         Starting Avahi mDNS/DNS-SD Stack...
         Starting Connection service...
         Starting Angstrom LED config...
[[1;32m  OK  [0m] Started Angstrom LED config.
         Starting Start usb mass storage gadget...
[[1;32m  OK  [0m] Started Start usb mass storage gadget.
         Starting Cloud9 IDE...
[[1;32m  OK  [0m] Started Cloud9 IDE.
         Starting Music Player Daemon...
[[1;32m  OK  [0m] Started Music Player Daemon.
         Starting Network Time Service (one-shot ntpdate mode)...
         Starting Manuels Server...
[[1;32m  OK  [0m] Started Manuels Server.
         Starting GateOne daemon...
[[1;32m  OK  [0m] Started GateOne daemon.
         Starting Bonescript autorun...
[[1;32m  OK  [0m] Started Bonescript autorun.
         Starting BeagleBone Tester...
[[1;32m  OK  [0m] Started BeagleBone Tester.
         Starting Login Service...
         Starting Permit User Sessions...
         Starting Periodic Command Scheduler...
[[1;32m  OK  [0m] Started Periodic Command Scheduler.
         Starting D-Bus System Message Bus...
[[1;32m  OK  [0m] Started D-Bus System Message Bus.
[[1;32m  OK  [0m] Started Restore Sound Card State.
[[1;32m  OK  [0m] Started Console System Startup Logging.
[[1;32m  OK  [0m] Started Permit User Sessions.
         Starting Getty on tty1...
[[1;32m  OK  [0m] Started Getty on tty1.
         Starting Gnome Display Manager...
[[1;32m  OK  [0m] Started Gnome Display Manager.
[[1;32m  OK  [0m] Started Network Time Service (one-shot ntpdate mode).
[    5.532261] systemd-journald[87]: Received SIGUSR1
[    6.224079]  gadget: using random self ethernet address
[    6.244494] usb0: MAC 22:d2:f1:d3:7d:11
[    6.248624] usb0: HOST MAC c8:a0:30:af:d2:8d
[    6.271467]  gadget: Mass Storage Function, version: 2009/09/11
[    6.277748]  gadget: Number of LUNs=1
[    6.297510]  lun0: LUN: removable file: /dev/mmcblk0p1
[    6.335568]  gadget: Multifunction Composite Gadget
[    6.361169]  gadget: g_multi ready
[    6.381321] musb-hdrc musb-hdrc.0.auto: MUSB HDRC host driver
[[1;32m  OK  [0m] Started Connection service.
[[1;32m  OK  [0m] Started Avahi mDNS/DNS-SD Stack.
[[1;32m  OK  [0m] Started Login Service.
[    6.433504] musb-hdrc musb-hdrc.0.auto: new USB bus registered, assigned bus number 2
[    6.456912] usb usb2: New USB device found, idVendor=1d6b, idProduct=0002
[    6.464066] usb usb2: New USB device strings: Mfr=3, Product=2, SerialNumber=1
[    6.471625] usb usb2: Product: MUSB HDRC host driver
[    6.476824] usb usb2: Manufacturer: Linux 3.8.13 musb-hcd
[    6.482463] usb usb2: SerialNumber: musb-hdrc.0.auto
[    6.496457] hub 2-0:1.0: USB hub found
[    6.505728] hub 2-0:1.0: 1 port detected
[    6.726239] CAUTION: musb: Babble Interrupt Occurred
[    6.841620] CAUTION: musb: Babble Interrupt Occurred
[    6.970190]  gadget: high-speed config #1: Multifunction with RNDIS
[    7.032322] ip_tables: (C) 2000-2006 Netfilter Core Team
         Starting WPA supplicant...
[[1;32m  OK  [0m] Started WPA supplicant.
[    8.878870] net eth0: initializing cpsw version 1.12 (0)
[    8.915245] net eth0: phy found : id is : 0x7c0f1
[    8.960786] libphy: PHY 4a101000.mdio:01 not found
[    8.965853] net eth0: phy 4a101000.mdio:01 not found on slave 1
[    9.026893] IPv6: ADDRCONF(NETDEV_UP): eth0: link is not ready
[[1;32m  OK  [0m] Found device /dev/ttyO0.
         Starting Serial Getty on ttyO0...
[[1;32[[1;32m  OK  [0m] Reached target Sound Card.
[   13.576404] systemd-udevd[85]: worker [107] terminated by signal 11 (Segmentation fault)
[   13.616002] systemd-udevd[85]: worker [107] failed while handling '/devices/ocp.2/47400000.usb/musb-hdrc.0.auto/gadget/net/usb0'
[[1;32m  OK  [0m] Found device /dev/ttyGS0.
         Starting Serial Getty on ttyGS0...
[[1;32m  OK  [0m] Started Serial Getty on ttyGS0.
[[1;32m  OK  [0m] Reached target Login Prompts.
[[1;32m  OK  [0m] Reached target Multi-User.
[[1;32m  OK  [0m] Reached target Graphical Interface.


.---O---.                                           
|       |                  .-.           o o        
|   |   |-----.-----.-----.| |   .----..-----.-----.
|       |     | __  |  ---'| '--.|  .-'|     |     |
|   |   |  |  |     |---  ||  --'|  |  |  '  | | | |
'---'---'--'--'--.  |-----''----''--'  '-----'-'-'-'
                -'  |
                '---'

The Angstrom Distribution beaglebone ttyO0

Angstrom v2012.12 - Kernel 3.8.13

beaglebone login: systemd-fsck[84]: Angstrom: clean, 54981/112672 files, 342784/449820 blocks
[   32.510403] EXT4-fs (mmcblk0p2): re-mounted. Opts: commit=0
[   44.721582] fuse init (API version 7.20)
